------------------------------------------------------------
TimeQuest Timing Analyzer Summary
------------------------------------------------------------

Type  : Slow Model Setup 'clk'
Slack : -17.566
TNS   : -16560.020

Type  : Slow Model Setup 'clk_mem'
Slack : -14.389
TNS   : -611.358

Type  : Slow Model Setup 'memory_instruction:mi|altsyncram:altsyncram_component|altsyncram_qd81:auto_generated|ram_block1a0~porta_address_reg0'
Slack : -3.101
TNS   : -3.101

Type  : Slow Model Hold 'memory_instruction:mi|altsyncram:altsyncram_component|altsyncram_qd81:auto_generated|ram_block1a0~porta_address_reg0'
Slack : -2.854
TNS   : -2.854

Type  : Slow Model Hold 'clk_mem'
Slack : 1.002
TNS   : 0.000

Type  : Slow Model Hold 'clk'
Slack : 1.956
TNS   : 0.000

Type  : Slow Model Minimum Pulse Width 'clk_mem'
Slack : -2.000
TNS   : -397.684

Type  : Slow Model Minimum Pulse Width 'clk'
Slack : -1.380
TNS   : -1033.380

Type  : Slow Model Minimum Pulse Width 'memory_instruction:mi|altsyncram:altsyncram_component|altsyncram_qd81:auto_generated|ram_block1a0~porta_address_reg0'
Slack : -0.633
TNS   : -13.166

Type  : Fast Model Setup 'clk'
Slack : -8.014
TNS   : -7525.800

Type  : Fast Model Setup 'clk_mem'
Slack : -6.439
TNS   : -288.410

Type  : Fast Model Setup 'memory_instruction:mi|altsyncram:altsyncram_component|altsyncram_qd81:auto_generated|ram_block1a0~porta_address_reg0'
Slack : -1.366
TNS   : -1.366

Type  : Fast Model Hold 'memory_instruction:mi|altsyncram:altsyncram_component|altsyncram_qd81:auto_generated|ram_block1a0~porta_address_reg0'
Slack : -1.242
TNS   : -1.242

Type  : Fast Model Hold 'clk_mem'
Slack : 0.583
TNS   : 0.000

Type  : Fast Model Hold 'clk'
Slack : 0.947
TNS   : 0.000

Type  : Fast Model Minimum Pulse Width 'clk_mem'
Slack : -2.000
TNS   : -397.684

Type  : Fast Model Minimum Pulse Width 'clk'
Slack : -1.380
TNS   : -1033.380

Type  : Fast Model Minimum Pulse Width 'memory_instruction:mi|altsyncram:altsyncram_component|altsyncram_qd81:auto_generated|ram_block1a0~porta_address_reg0'
Slack : 0.051
TNS   : 0.000

------------------------------------------------------------
