------------------------------------------------------------
TimeQuest Timing Analyzer Summary
------------------------------------------------------------

Type  : Slow Model Setup 'clk'
Slack : -17.565
TNS   : -16457.637

Type  : Slow Model Setup 'clk_mem'
Slack : -14.539
TNS   : -598.263

Type  : Slow Model Setup 'memory_instruction:mi|altsyncram:altsyncram_component|altsyncram_qd81:auto_generated|ram_block1a0~porta_address_reg0'
Slack : -3.273
TNS   : -3.273

Type  : Slow Model Hold 'memory_instruction:mi|altsyncram:altsyncram_component|altsyncram_qd81:auto_generated|ram_block1a0~porta_address_reg0'
Slack : -4.414
TNS   : -4.414

Type  : Slow Model Hold 'clk_mem'
Slack : 0.641
TNS   : 0.000

Type  : Slow Model Hold 'clk'
Slack : 1.191
TNS   : 0.000

Type  : Slow Model Minimum Pulse Width 'memory_instruction:mi|altsyncram:altsyncram_component|altsyncram_qd81:auto_generated|ram_block1a0~porta_address_reg0'
Slack : -2.167
TNS   : -51.460

Type  : Slow Model Minimum Pulse Width 'clk_mem'
Slack : -2.000
TNS   : -397.684

Type  : Slow Model Minimum Pulse Width 'clk'
Slack : -1.380
TNS   : -1033.380

Type  : Fast Model Setup 'clk'
Slack : -7.890
TNS   : -7457.365

Type  : Fast Model Setup 'clk_mem'
Slack : -6.530
TNS   : -287.115

Type  : Fast Model Setup 'memory_instruction:mi|altsyncram:altsyncram_component|altsyncram_qd81:auto_generated|ram_block1a0~porta_address_reg0'
Slack : -1.472
TNS   : -1.472

Type  : Fast Model Hold 'memory_instruction:mi|altsyncram:altsyncram_component|altsyncram_qd81:auto_generated|ram_block1a0~porta_address_reg0'
Slack : -1.995
TNS   : -1.995

Type  : Fast Model Hold 'clk_mem'
Slack : 0.418
TNS   : 0.000

Type  : Fast Model Hold 'clk'
Slack : 0.598
TNS   : 0.000

Type  : Fast Model Minimum Pulse Width 'clk_mem'
Slack : -2.000
TNS   : -397.684

Type  : Fast Model Minimum Pulse Width 'clk'
Slack : -1.380
TNS   : -1033.380

Type  : Fast Model Minimum Pulse Width 'memory_instruction:mi|altsyncram:altsyncram_component|altsyncram_qd81:auto_generated|ram_block1a0~porta_address_reg0'
Slack : -0.679
TNS   : -9.692

------------------------------------------------------------
